
> student-portal@0.1.0 build
> next build

   ▲ Next.js 15.5.10
   - Environments: .env.local

   Creating an optimized production build ...
 ⚠ Compiled with warnings in 5.8s

../../packages/ui/src/components/virtualized-list.tsx
Attempted import error: 'FixedSizeList' is not exported from 'react-window' (imported as 'FixedSizeList').

Import trace for requested module:
../../packages/ui/src/components/virtualized-list.tsx

 ⚠ Compiled with warnings in 5.3s

../../packages/ui/src/components/virtualized-list.tsx
Attempted import error: 'FixedSizeList' is not exported from 'react-window' (imported as 'FixedSizeList').

Import trace for requested module:
../../packages/ui/src/components/virtualized-list.tsx

 ✓ Compiled successfully in 11.2s
   Linting and checking validity of types ...
Failed to compile.

../../packages/ui/src/components/table.tsx:14:14
Type error: Type 'RefObject<HTMLDivElement | null> | undefined' is not assignable to type 'LegacyRef<HTMLDivElement> | undefined'.
  Type 'RefObject<HTMLDivElement | null>' is not assignable to type 'LegacyRef<HTMLDivElement> | undefined'.
    Type 'RefObject<HTMLDivElement | null>' is not assignable to type 'RefObject<HTMLDivElement>'.
      Type 'HTMLDivElement | null' is not assignable to type 'HTMLDivElement'.
        Type 'null' is not assignable to type 'HTMLDivElement'.

[0m [90m 12 |[39m [36mconst[39m [33mTable[39m [33m=[39m [33mReact[39m[33m.[39mforwardRef[33m<[39m[33mHTMLTableElement[39m[33m,[39m [33mTableProps[39m[33m>[39m(
 [90m 13 |[39m     ({ className[33m,[39m scrollContainerRef[33m,[39m scrollContainerStyle[33m,[39m [33m...[39mprops }[33m,[39m ref) [33m=>[39m (
[31m[1m>[22m[39m[90m 14 |[39m         [33m<[39m[33mdiv[39m ref[33m=[39m{scrollContainerRef} style[33m=[39m{scrollContainerStyle} className[33m=[39m[32m"relative w-full overflow-auto"[39m[33m>[39m
 [90m    |[39m              [31m[1m^[22m[39m
 [90m 15 |[39m             [33m<[39m[33mtable[39m
 [90m 16 |[39m                 ref[33m=[39m{ref}
 [90m 17 |[39m                 className[33m=[39m{cn([32m"w-full caption-bottom text-sm"[39m[33m,[39m className)}[0m
Next.js build worker exited with code: 1 and signal: null
npm error Lifecycle script `build` failed with error:
npm error code 1
npm error path C:\Users\kashy\Projects\NaradaLMS\apps\student-portal
npm error workspace student-portal@0.1.0
npm error location C:\Users\kashy\Projects\NaradaLMS\apps\student-portal
npm error command failed
npm error command C:\WINDOWS\system32\cmd.exe /d /s /c next build
